PASS rep@staging.invalid: signed-out deep link goes to login with destination kept /login?redirectTo=%2Fsales%2Fleads%3Flead%3Da9fbd72b-2557-4190-a6e3-8cef2737251c
CONSOLE Failed to load resource: the server responded with a status of 404 (Not Found)
CONSOLE Failed to load resource: the server responded with a status of 401 (Unauthorized)
CONSOLE Failed to load resource: the server responded with a status of 401 (Unauthorized)
PASS rep@staging.invalid: magic link lands on the deep link /sales/leads?lead=a9fbd72b-2557-4190-a6e3-8cef2737251c
PASS rep activity saved over HTTP status=200 request_id=86449d9b-4c96-4974-92f5-92353f141c0c
PASS request correlates to committed lead_event rows events=2
PASS request correlates to a committed open task owned by the rep [{"owner_email":"rep@staging.invalid","kind":"call","status":"open"}]
CONSOLE Failed to load resource: net::ERR_TIMED_OUT
PASS draft survives a timeout and a reload שיחה סינתטית שנייה mup4em3b
PASS retry reuses the request id 8715a629-f791-4ead-b1c8-5401437d229e / 8715a629-f791-4ead-b1c8-5401437d229e
PASS retry after a committed-but-lost response writes one fact status=200 rows=1 note_rows=0
PASS rep is denied the manager's lead timeline status=403
PASS rep lead list holds only the rep's leads rows=2 foreign=0
CONSOLE Failed to load resource: the server responded with a status of 403 (Forbidden)
PASS rep deep link to a foreign lead shows the approved unavailable state 
PASS rep has no factory link (D11) 
PASS order-line reply routes one open reply task to the owner [{"owner_email":"rep@staging.invalid"}]
PASS Today task card saves an activity with its source task status=200
PASS manager@staging.invalid: signed-out deep link goes to login with destination kept /login?redirectTo=%2Fsales%2Fleads%3Flead%3Da9fbd72b-2557-4190-a6e3-8cef2737251c
CONSOLE Failed to load resource: the server responded with a status of 401 (Unauthorized)
CONSOLE Failed to load resource: the server responded with a status of 401 (Unauthorized)
PASS manager@staging.invalid: magic link lands on the deep link /sales/leads?lead=a9fbd72b-2557-4190-a6e3-8cef2737251c
PASS manager reads the rep's lead 
PASS manager queue holds the unowned lead task 
PASS Attention saves an activity that commits one fact status=200 rows=1
PASS manager keeps the factory link 

SUMMARY 20/20
